<area shape="rect" href="$rl3964r_8cpp.html" title="rl3964r.cpp" alt="" coords="5,80,88,107">
<area shape="rect" href="$rlbussignaldatabase_8cpp.html" title="rlbussignaldatabase.cpp" alt="" coords="112,80,275,107">
<area shape="rect" href="$rlcannode_8cpp.html" title="rlcannode.cpp" alt="" coords="299,80,403,107">
<area shape="rect" href="$rlcanopen_8cpp.html" title="rlcanopen.cpp" alt="" coords="427,80,528,107">
<area shape="rect" href="$rlcanopenclient_8h.html" title="rlcanopenclient.h" alt="" coords="552,80,672,107">
<area shape="rect" href="$rlcanopendaemon_8h.html" title="rlcanopendaemon.h" alt="" coords="696,80,829,107">
<area shape="rect" href="$rlcanopentypes_8cpp.html" title="rlcanopentypes.cpp" alt="" coords="853,80,987,107">
<area shape="rect" href="$rlcommandlineinterface_8cpp.html" title="rlcommandlineinterface.cpp" alt="" coords="1011,80,1192,107">
<area shape="rect" href="$rlcutil_8cpp.html" title="rlcutil.cpp" alt="" coords="1216,80,1293,107">
<area shape="rect" href="$rlevent_8cpp.html" title="rlevent.cpp" alt="" coords="1317,80,1403,107">
<area shape="rect" href="$rleventlogserver_8cpp.html" title="rleventlogserver.cpp" alt="" coords="1427,80,1563,107">
<area shape="rect" href="$rlfifo_8cpp.html" title="rlfifo.cpp" alt="" coords="1587,80,1659,107">
<area shape="rect" href="$rlhistorylogger_8cpp.html" title="rlhistorylogger.cpp" alt="" coords="1683,80,1808,107">
<area shape="rect" href="$rlhistoryreader_8cpp.html" title="rlhistoryreader.cpp" alt="" coords="1832,80,1960,107">
<area shape="rect" href="$rlinifile_8cpp.html" title="rlinifile.cpp" alt="" coords="1984,80,2067,107">
<area shape="rect" href="$rllib_8h.html" title="rllib.h" alt="" coords="2091,80,2141,107">
<area shape="rect" href="$rlmailbox_8cpp.html" title="rlmailbox.cpp" alt="" coords="2165,80,2264,107">
<area shape="rect" href="$rlpcontrol_8cpp.html" title="rlpcontrol.cpp" alt="" coords="2288,80,2387,107">
<area shape="rect" href="$rlsiemenstcp_8cpp.html" title="rlsiemenstcp.cpp" alt="" coords="2411,80,2531,107">
<area shape="rect" href="$rlsocket_8cpp.html" title="rlsocket.cpp" alt="" coords="2555,80,2645,107">
<area shape="rect" href="$rlspawn_8cpp.html" title="rlspawn.cpp" alt="" coords="2669,80,2760,107">
<area shape="rect" href="$rlspreadsheet_8cpp.html" title="rlspreadsheet.cpp" alt="" coords="2784,80,2907,107">
<area shape="rect" href="$rlstring_8cpp.html" title="rlstring.cpp" alt="" coords="2931,80,3016,107">
<area shape="rect" href="$rlsubset_8h.html" title="rlsubset.h" alt="" coords="3040,80,3117,107">
<area shape="rect" href="$rlsvganimator_8cpp.html" title="rlsvganimator.cpp" alt="" coords="3141,80,3264,107">
<area shape="rect" href="$rludpsocket_8cpp.html" title="rludpsocket.cpp" alt="" coords="3288,80,3400,107">
<area shape="rect" href="$rlcanopenclient_8cpp.html" title="rlcanopenclient.cpp" alt="" coords="539,155,672,181">
<area shape="rect" href="$rlcanopendaemon_8cpp.html" title="rlcanopendaemon.cpp" alt="" coords="696,155,843,181">
