<area shape="rect" href="$rlcanopentypes_8h.html" title="rlcanopentypes.h" alt="" coords="273,80,393,107">
<area shape="rect" href="$rlcannode_8h.html" title="rlcannode.h" alt="" coords="131,155,219,181">
<area shape="rect" href="$rlinifile_8cpp.html" title="rlinifile.cpp" alt="" coords="449,80,532,107">
<area shape="rect" href="$rllib_8h.html" title="rllib.h" alt="" coords="544,155,595,181">
<area shape="rect" href="$rlsvganimator_8h.html" title="rlsvganimator.h" alt="" coords="616,80,725,107">
<area shape="rect" href="$rlsubset_8h.html" title="rlsubset.h" alt="" coords="765,155,843,181">
<area shape="rect" href="$rlcanopenclient_8h.html" title="rlcanopenclient.h" alt="" coords="243,155,363,181">
<area shape="rect" href="$rlcanopentypes_8cpp.html" title="rlcanopentypes.cpp" alt="" coords="387,155,520,181">
<area shape="rect" href="$rlcannode_8cpp.html" title="rlcannode.cpp" alt="" coords="5,229,107,256">
<area shape="rect" href="$rlcanopen_8h.html" title="rlcanopen.h" alt="" coords="131,229,219,256">
<area shape="rect" href="$rlcanopen_8cpp.html" title="rlcanopen.cpp" alt="" coords="53,304,155,331">
<area shape="rect" href="$rlcanopendaemon_8h.html" title="rlcanopendaemon.h" alt="" coords="179,304,312,331">
<area shape="rect" href="$rlcanopendaemon_8cpp.html" title="rlcanopendaemon.cpp" alt="" coords="172,379,319,405">
<area shape="rect" href="$rlcanopenclient_8cpp.html" title="rlcanopenclient.cpp" alt="" coords="243,229,376,256">
<area shape="rect" href="$rlsvganimator_8cpp.html" title="rlsvganimator.cpp" alt="" coords="619,155,741,181">
