<area shape="rect" href="$rl3964r_8h.html" title="rl3964r.h" alt="" coords="69,80,139,107">
<area shape="rect" href="$rllib_8h.html" title="rllib.h" alt="" coords="268,229,319,256">
<area shape="rect" href="$rlcommandlineinterface_8h.html" title="rlcommandlineinterface.h" alt="" coords="256,80,424,107">
<area shape="rect" href="$rlmodbus_8h.html" title="rlmodbus.h" alt="" coords="467,80,552,107">
<area shape="rect" href="$rlsubset_8h.html" title="rlsubset.h" alt="" coords="660,229,737,256">
<area shape="rect" href="$rlserial_8cpp.html" title="rlserial.cpp" alt="" coords="781,80,864,107">
<area shape="rect" href="$rl3964r_8cpp.html" title="rl3964r.cpp" alt="" coords="5,155,88,181">
<area shape="rect" href="$rlcommandlineinterface_8cpp.html" title="rlcommandlineinterface.cpp" alt="" coords="213,155,395,181">
<area shape="rect" href="$rlmodbusclient_8h.html" title="rlmodbusclient.h" alt="" coords="469,155,584,181">
<area shape="rect" href="$rlmodbus_8cpp.html" title="rlmodbus.cpp" alt="" coords="608,155,707,181">
<area shape="rect" href="$rlmodbusclient_8cpp.html" title="rlmodbusclient.cpp" alt="" coords="461,229,592,256">
