<area shape="rect" href="$rldataacquisition_8h.html" title="rldataacquisition.h" alt="" coords="361,80,487,107">
<area shape="rect" href="$rllib_8h.html" title="rllib.h" alt="" coords="499,155,549,181">
<area shape="rect" href="$rlsubset_8h.html" title="rlsubset.h" alt="" coords="749,155,827,181">
<area shape="rect" href="$rldataacquisitionprovider_8h.html" title="rldataacquisitionprovider.h" alt="" coords="151,80,321,107">
<area shape="rect" href="$rlmodbusclient_8h.html" title="rlmodbusclient.h" alt="" coords="833,80,948,107">
<area shape="rect" href="$rlsiemenstcpclient_8h.html" title="rlsiemenstcpclient.h" alt="" coords="561,80,697,107">
<area shape="rect" href="$rlppiclient_8h.html" title="rlppiclient.h" alt="" coords="721,80,809,107">
<area shape="rect" href="$rlopcxmlda_8h.html" title="rlopcxmlda.h" alt="" coords="1023,80,1119,107">
<area shape="rect" href="$rlsharedmemory_8cpp.html" title="rlsharedmemory.cpp" alt="" coords="1143,80,1281,107">
<area shape="rect" href="$rldataacquisition_8cpp.html" title="rldataacquisition.cpp" alt="" coords="336,155,475,181">
<area shape="rect" href="$rldataacquisitionprovider_8cpp.html" title="rldataacquisitionprovider.cpp" alt="" coords="128,155,312,181">
<area shape="rect" href="$rleibnetip_8cpp.html" title="rleibnetip.cpp" alt="" coords="5,155,104,181">
<area shape="rect" href="$rlmodbusclient_8cpp.html" title="rlmodbusclient.cpp" alt="" coords="976,155,1107,181">
<area shape="rect" href="$rlsiemenstcpclient_8cpp.html" title="rlsiemenstcpclient.cpp" alt="" coords="573,155,725,181">
<area shape="rect" href="$rlppiclient_8cpp.html" title="rlppiclient.cpp" alt="" coords="851,155,952,181">
<area shape="rect" href="$rlopcxmlda_8cpp.html" title="rlopcxmlda.cpp" alt="" coords="1131,155,1240,181">
