<area shape="rect" href="$rlcanopenclient_8h.html" title="rlcanopenclient.h" alt="" coords="31,80,151,107">
<area shape="rect" href="$rlcanopendaemon_8h.html" title="rlcanopendaemon.h" alt="" coords="193,80,327,107">
<area shape="rect" href="$rlcommandlineinterface_8h.html" title="rlcommandlineinterface.h" alt="" coords="375,80,543,107">
<area shape="rect" href="$rldataprovider_8h.html" title="rldataprovider.h" alt="" coords="539,155,648,181">
<area shape="rect" href="$rllib_8h.html" title="rllib.h" alt="" coords="1247,229,1297,256">
<area shape="rect" href="$rlsubset_8h.html" title="rlsubset.h" alt="" coords="800,229,877,256">
<area shape="rect" href="$rludpsocket_8h.html" title="rludpsocket.h" alt="" coords="849,80,948,107">
<area shape="rect" href="$rlevent_8cpp.html" title="rlevent.cpp" alt="" coords="1081,80,1167,107">
<area shape="rect" href="$rleventlogserver_8cpp.html" title="rleventlogserver.cpp" alt="" coords="1191,80,1327,107">
<area shape="rect" href="$rlmodbus_8h.html" title="rlmodbus.h" alt="" coords="972,80,1057,107">
<area shape="rect" href="$rlsiemenstcp_8h.html" title="rlsiemenstcp.h" alt="" coords="1461,80,1568,107">
<area shape="rect" href="$rlsocket_8cpp.html" title="rlsocket.cpp" alt="" coords="1592,80,1683,107">
<area shape="rect" href="$rlwebcam_8h.html" title="rlwebcam.h" alt="" coords="1789,80,1877,107">
<area shape="rect" href="$rlcanopenclient_8cpp.html" title="rlcanopenclient.cpp" alt="" coords="5,155,139,181">
<area shape="rect" href="$rlcanopendaemon_8cpp.html" title="rlcanopendaemon.cpp" alt="" coords="163,155,309,181">
<area shape="rect" href="$rlcommandlineinterface_8cpp.html" title="rlcommandlineinterface.cpp" alt="" coords="333,155,515,181">
<area shape="rect" href="$rldataprovider_8cpp.html" title="rldataprovider.cpp" alt="" coords="532,229,655,256">
<area shape="rect" href="$rleibnetip_8h.html" title="rleibnetip.h" alt="" coords="1048,155,1131,181">
<area shape="rect" href="$rludpsocket_8cpp.html" title="rludpsocket.cpp" alt="" coords="723,155,835,181">
<area shape="rect" href="$rleibnetip_8cpp.html" title="rleibnetip.cpp" alt="" coords="1056,229,1155,256">
<area shape="rect" href="$rlmodbusclient_8h.html" title="rlmodbusclient.h" alt="" coords="909,155,1024,181">
<area shape="rect" href="$rlmodbus_8cpp.html" title="rlmodbus.cpp" alt="" coords="1205,155,1304,181">
<area shape="rect" href="$rlmodbusclient_8cpp.html" title="rlmodbusclient.cpp" alt="" coords="901,229,1032,256">
<area shape="rect" href="$rlsiemenstcpclient_8h.html" title="rlsiemenstcpclient.h" alt="" coords="1480,155,1616,181">
<area shape="rect" href="$rlsiemenstcpclient_8cpp.html" title="rlsiemenstcpclient.cpp" alt="" coords="1596,229,1748,256">
<area shape="rect" href="$rlsiemenstcp_8cpp.html" title="rlsiemenstcp.cpp" alt="" coords="1640,155,1760,181">
<area shape="rect" href="$rlwebcam_8cpp.html" title="rlwebcam.cpp" alt="" coords="1835,155,1936,181">
