<area shape="rect" href="$rlcanopenclient_8h.html" title="rlcanopenclient.h" alt="" coords="64,80,184,107">
<area shape="rect" href="$rlcanopendaemon_8h.html" title="rlcanopendaemon.h" alt="" coords="259,80,392,107">
<area shape="rect" href="$rldataprovider_8h.html" title="rldataprovider.h" alt="" coords="779,155,888,181">
<area shape="rect" href="$rllib_8h.html" title="rllib.h" alt="" coords="673,229,724,256">
<area shape="rect" href="$rlsubset_8h.html" title="rlsubset.h" alt="" coords="1059,229,1136,256">
<area shape="rect" href="$rludpsocket_8h.html" title="rludpsocket.h" alt="" coords="504,80,603,107">
<area shape="rect" href="$rlevent_8cpp.html" title="rlevent.cpp" alt="" coords="1336,80,1421,107">
<area shape="rect" href="$rleventlogserver_8cpp.html" title="rleventlogserver.cpp" alt="" coords="1445,80,1581,107">
<area shape="rect" href="$rlmodbus_8h.html" title="rlmodbus.h" alt="" coords="985,80,1071,107">
<area shape="rect" href="$rlsiemenstcp_8h.html" title="rlsiemenstcp.h" alt="" coords="1155,80,1261,107">
<area shape="rect" href="$rlsocket_8cpp.html" title="rlsocket.cpp" alt="" coords="1605,80,1696,107">
<area shape="rect" href="$rlwebcam_8h.html" title="rlwebcam.h" alt="" coords="1720,80,1808,107">
<area shape="rect" href="$rlcanopenclient_8cpp.html" title="rlcanopenclient.cpp" alt="" coords="5,155,139,181">
<area shape="rect" href="$rlcanopendaemon_8cpp.html" title="rlcanopendaemon.cpp" alt="" coords="163,155,309,181">
<area shape="rect" href="$rldataprovider_8cpp.html" title="rldataprovider.cpp" alt="" coords="757,229,880,256">
<area shape="rect" href="$rleibnetip_8h.html" title="rleibnetip.h" alt="" coords="333,155,416,181">
<area shape="rect" href="$rludpsocket_8cpp.html" title="rludpsocket.cpp" alt="" coords="440,155,552,181">
<area shape="rect" href="$rleibnetip_8cpp.html" title="rleibnetip.cpp" alt="" coords="325,229,424,256">
<area shape="rect" href="$rlmodbusclient_8h.html" title="rlmodbusclient.h" alt="" coords="912,155,1027,181">
<area shape="rect" href="$rlmodbus_8cpp.html" title="rlmodbus.cpp" alt="" coords="1101,155,1200,181">
<area shape="rect" href="$rlmodbusclient_8cpp.html" title="rlmodbusclient.cpp" alt="" coords="904,229,1035,256">
<area shape="rect" href="$rlsiemenstcpclient_8h.html" title="rlsiemenstcpclient.h" alt="" coords="1224,155,1360,181">
<area shape="rect" href="$rlsiemenstcpclient_8cpp.html" title="rlsiemenstcpclient.cpp" alt="" coords="1365,229,1517,256">
<area shape="rect" href="$rlsiemenstcp_8cpp.html" title="rlsiemenstcp.cpp" alt="" coords="1384,155,1504,181">
<area shape="rect" href="$rlwebcam_8cpp.html" title="rlwebcam.cpp" alt="" coords="1713,155,1815,181">
