<area shape="rect" href="$rlserial_8h.html" title="rlserial.h" alt="" coords="319,80,388,107">
<area shape="rect" href="$rl3964r_8h.html" title="rl3964r.h" alt="" coords="87,155,156,181">
<area shape="rect" href="$rllib_8h.html" title="rllib.h" alt="" coords="531,304,581,331">
<area shape="rect" href="$rlcommandlineinterface_8cpp.html" title="rlcommandlineinterface.cpp" alt="" coords="809,229,991,256">
<area shape="rect" href="$rlsubset_8h.html" title="rlsubset.h" alt="" coords="1032,304,1109,331">
<area shape="rect" href="$rlserial_8cpp.html" title="rlserial.cpp" alt="" coords="583,155,665,181">
<area shape="rect" href="$rlcanopenclient_8h.html" title="rlcanopenclient.h" alt="" coords="1377,80,1497,107">
<area shape="rect" href="$rlcanopendaemon_8h.html" title="rlcanopendaemon.h" alt="" coords="1521,80,1655,107">
<area shape="rect" href="$rlcontroller_8h.html" title="rlcontroller.h" alt="" coords="644,229,735,256">
<area shape="rect" href="$rldataprovider_8h.html" title="rldataprovider.h" alt="" coords="1015,229,1124,256">
<area shape="rect" href="$rleibnetip_8h.html" title="rleibnetip.h" alt="" coords="959,80,1041,107">
<area shape="rect" href="$rleventlogserver_8h.html" title="rleventlogserver.h" alt="" coords="747,80,869,107">
<area shape="rect" href="$rlfifo_8h.html" title="rlfifo.h" alt="" coords="1148,229,1204,256">
<area shape="rect" href="$rlhilschercif_8h.html" title="rlhilschercif.h" alt="" coords="1679,80,1777,107">
<area shape="rect" href="$rlhistorylogger_8h.html" title="rlhistorylogger.h" alt="" coords="1228,229,1340,256">
<area shape="rect" href="$rlthread_8cpp.html" title="rlthread.cpp" alt="" coords="1801,80,1889,107">
<area shape="rect" href="$rlcommandlineinterface_8h.html" title="rlcommandlineinterface.h" alt="" coords="391,155,559,181">
<area shape="rect" href="$rlmodbus_8h.html" title="rlmodbus.h" alt="" coords="231,155,316,181">
<area shape="rect" href="$rl3964r_8cpp.html" title="rl3964r.cpp" alt="" coords="23,229,105,256">
<area shape="rect" href="$rlmodbusclient_8h.html" title="rlmodbusclient.h" alt="" coords="231,229,345,256">
<area shape="rect" href="$rlmodbus_8cpp.html" title="rlmodbus.cpp" alt="" coords="369,229,468,256">
<area shape="rect" href="$rlmodbusclient_8cpp.html" title="rlmodbusclient.cpp" alt="" coords="223,304,353,331">
<area shape="rect" href="$rlcanopenclient_8cpp.html" title="rlcanopenclient.cpp" alt="" coords="1377,155,1511,181">
<area shape="rect" href="$rlcanopendaemon_8cpp.html" title="rlcanopendaemon.cpp" alt="" coords="1535,155,1681,181">
<area shape="rect" href="$rlcontroller_8cpp.html" title="rlcontroller.cpp" alt="" coords="637,304,741,331">
<area shape="rect" href="$rldataprovider_8cpp.html" title="rldataprovider.cpp" alt="" coords="885,304,1008,331">
<area shape="rect" href="$rleibnetip_8cpp.html" title="rleibnetip.cpp" alt="" coords="951,155,1049,181">
<area shape="rect" href="$rleventlogserver_8cpp.html" title="rleventlogserver.cpp" alt="" coords="740,155,876,181">
<area shape="rect" href="$rlfifo_8cpp.html" title="rlfifo.cpp" alt="" coords="1137,304,1209,331">
<area shape="rect" href="$rlhilschercif_8cpp.html" title="rlhilschercif.cpp" alt="" coords="1705,155,1817,181">
<area shape="rect" href="$rlhistorylogger_8cpp.html" title="rlhistorylogger.cpp" alt="" coords="1233,304,1359,331">
